src/App.tsx(10,1): error TS6133: 'useEffect' is declared but its value is never read.
src/components/index.ts(22,28): error TS2307: Cannot find module './UnifiedMap' or its corresponding type declarations.
src/components/index.ts(23,38): error TS2307: Cannot find module './UnifiedMap' or its corresponding type declarations.
src/components/layers/DistrictsLayer.tsx(192,29): error TS2352: Conversion of type 'Record<string, unknown>' to type 'DistrictExposureProperties' may be a mistake because neither type sufficiently overlaps with the other. If this was intentional, convert the expression to 'unknown' first.
  Type 'Record<string, unknown>' is missing the following properties from type 'DistrictExposureProperties': id, district_id, district_name, province, and 14 more.
src/components/layers/GEEExposureLayer.tsx(8,31): error TS6133: 'useCallback' is declared but its value is never read.
src/components/layers/GEEExposureLayer.tsx(11,15): error TS2724: '"maplibre-gl"' has no exported member named 'RasterSource'. Did you mean 'RasterTileSource'?
src/components/layers/ProvincesLayer.tsx(128,29): error TS2352: Conversion of type 'Record<string, unknown>' to type 'ProvinceProperties' may be a mistake because neither type sufficiently overlaps with the other. If this was intentional, convert the expression to 'unknown' first.
  Type 'Record<string, unknown>' is missing the following properties from type 'ProvinceProperties': id, name
src/components/layout/CommandCenterHeader.tsx(6,1): error TS6133: 'motion' is declared but its value is never read.
src/components/layout/Header.tsx(18,11): error TS6133: 'user' is declared but its value is never read.
src/components/SplashScreen.tsx(85,13): error TS2322: Type '{ animate: { background: string[]; transition: { duration: number; ease: string; }; }; }' is not assignable to type 'Variants'.
  Property 'animate' is incompatible with index signature.
    Type '{ background: string[]; transition: { duration: number; ease: string; }; }' is not assignable to type 'Variant'.
      Type '{ background: string[]; transition: { duration: number; ease: string; }; }' is not assignable to type 'TargetAndTransition'.
        Type '{ background: string[]; transition: { duration: number; ease: string; }; }' is not assignable to type '{ transition?: Transition<any> | undefined; transitionEnd?: ResolvedValues | undefined; }'.
          Types of property 'transition' are incompatible.
            Type '{ duration: number; ease: string; }' is not assignable to type 'Transition<any> | undefined'.
              Type '{ duration: number; ease: string; }' is not assignable to type 'TransitionWithValueOverrides<any>'.
                Type '{ duration: number; ease: string; }' is not assignable to type 'ValueAnimationTransition<any>'.
                  Types of property 'ease' are incompatible.
                    Type 'string' is not assignable to type 'Easing | Easing[] | undefined'.
src/components/ui/index.ts(23,15): error TS2724: '"./DistrictDetailPanel"' has no exported member named 'DistrictDetailPanelProps'. Did you mean 'DistrictDetailPanel'?
src/components/ui/index.ts(29,15): error TS2459: Module '"./Skeleton"' declares 'SkeletonProps' locally, but it is not exported.
src/components/ui/LayerControls.tsx(433,22): error TS6133: 'layer' is declared but its value is never read.
src/components/ui/Skeleton.tsx(10,1): error TS6133: 'motion' is declared but its value is never read.
src/components/ui/UnifiedLegend.tsx(82,3): error TS2353: Object literal may only specify known properties, and 'CLOUD' does not exist in type 'Record<GEEPollutant, { title: string; unit: string; colors: string[]; labels: string[]; }>'.
src/contexts/AuthContext.tsx(2,16): error TS2305: Module '"@/types/auth"' has no exported member 'LoginResponse'.
src/core/api/client.ts(51,11): error TS6133: 'retryCount' is declared but its value is never read.
src/core/queryClient.ts(14,10): error TS2724: '"@/contexts/ToastContext"' has no exported member named 'toast'. Did you mean 'Toast'?
src/core/queryClient.ts(37,7): error TS2580: Cannot find name 'process'. Do you need to install type definitions for node? Try `npm i --save-dev @types/node`.
src/core/queryClient.ts(54,7): error TS2580: Cannot find name 'process'. Do you need to install type definitions for node? Try `npm i --save-dev @types/node`.
src/features/map/components/UnifiedMap.tsx(31,35): error TS6133: 'LEGEND_ITEMS' is declared but its value is never read.
src/features/map/components/UnifiedMap.tsx(106,29): error TS6133: 'setGeeExposureResult' is declared but its value is never read.
src/features/map/components/UnifiedMap.tsx(107,26): error TS6133: 'setGeeDisplayMode' is declared but its value is never read.
src/features/map/components/UnifiedMap.tsx(108,22): error TS6133: 'setGeeVisible' is declared but its value is never read.
src/features/map/components/UnifiedMap.tsx(109,22): error TS6133: 'setGeeOpacity' is declared but its value is never read.
src/features/map/PakistanBaseMap.tsx(13,11): error TS6196: 'WMSLayerConfig' is declared but never used.
src/features/map/PakistanBaseMap.tsx(32,23): error TS6133: 'setCurrentDate' is declared but its value is never read.
src/features/map/PakistanBaseMap.tsx(170,47): error TS2345: Argument of type 'Position' is not assignable to parameter of type '[number, number, number, number] | LngLatLike | [LngLatLike, LngLatLike] | undefined'.
  Type 'number[]' is not assignable to type '[number, number] | [number, number, number, number] | LngLat | { lng: number; lat: number; } | { lon: number; lat: number; } | [LngLatLike, LngLatLike]'.
    Type 'number[]' is not assignable to type '[LngLatLike, LngLatLike]'.
      Target requires 2 element(s) but source may have fewer.
src/hooks/queries/useSpatialData.ts(9,20): error TS6133: 'useMutation' is declared but its value is never read.
src/hooks/queries/useSpatialData.ts(9,33): error TS6133: 'useQueryClient' is declared but its value is never read.
src/hooks/queries/useSpatialData.ts(10,1): error TS6133: 'queryKeys' is declared but its value is never read.
src/pages/MapPageUpdated.tsx(18,9): error TS6133: 'user' is declared but its value is never read.
src/pages/MapPageUpdated.tsx(19,11): error TS6133: 'tier' is declared but its value is never read.
src/pages/MapPageUpdated.tsx(20,31): error TS6133: 'setShowPremiumFeatures' is declared but its value is never read.
src/pages/ProfilePage.tsx(21,21): error TS6133: 'setIsLoading' is declared but its value is never read.
src/pages/ReportsPage.tsx(11,25): error TS6133: 'FileText' is declared but its value is never read.
src/pages/ReportsPage.tsx(55,44): error TS18046: 'response' is of type 'unknown'.
src/pages/ReportsPage.tsx(55,61): error TS18046: 'response' is of type 'unknown'.
src/pages/ReportsPage.tsx(93,42): error TS18046: 'response' is of type 'unknown'.
src/pages/ReportsPage.tsx(93,59): error TS18046: 'response' is of type 'unknown'.
src/pages/ReportsPage.tsx(143,55): error TS18046: 'response' is of type 'unknown'.
src/pages/ReportsPage.tsx(152,40): error TS18046: 'reportsResponse' is of type 'unknown'.
src/pages/ReportsPage.tsx(152,64): error TS18046: 'reportsResponse' is of type 'unknown'.
src/pages/ReportsPage.tsx(169,56): error TS18046: 'response' is of type 'unknown'.
src/pages/ReportsPage.tsx(175,12): error TS2339: Property 'parentChild' does not exist on type 'HTMLAnchorElement'.
src/pages/ReportsPageUpdated.tsx(15,38): error TS6133: 'AlertCircle' is declared but its value is never read.
src/pages/ReportsPageUpdated.tsx(15,68): error TS6133: 'MapPin' is declared but its value is never read.
src/pages/ReportsPageUpdated.tsx(22,1): error TS6133: 'CardSkeleton' is declared but its value is never read.
src/pages/ReportsPageUpdated.tsx(27,9): error TS6133: 'user' is declared but its value is never read.
src/pages/ReportsPageUpdated.tsx(32,9): error TS6198: All destructured elements are unused.
src/pages/ReportsPageUpdated.tsx(35,10): error TS6133: 'selectedDistrict' is declared but its value is never read.
src/pages/ReportsPageUpdated.tsx(35,28): error TS6133: 'setSelectedDistrict' is declared but its value is never read.
src/pages/ReportsPageUpdated.tsx(43,10): error TS6133: 'marker' is declared but its value is never read.
src/pages/ReportsPageUpdated.tsx(60,9): error TS6133: 'handleMapClick' is declared but its value is never read.
src/pages/ReportsPageUpdated.tsx(258,21): error TS2322: Type '{ center: [number, number]; zoom: number; onMapLoad: (loadedMap: Map$1) => void; className: string; }' is not assignable to type 'IntrinsicAttributes & MapBaseProps'.
  Property 'onMapLoad' does not exist on type 'IntrinsicAttributes & MapBaseProps'. Did you mean 'onLoad'?
src/pages/StationsPage.tsx(53,43): error TS18046: 'response' is of type 'unknown'.
src/pages/StationsPage.tsx(53,60): error TS18046: 'response' is of type 'unknown'.
src/pages/StationsPage.tsx(63,46): error TS18046: 'readingsResponse' is of type 'unknown'.
src/pages/StationsPage.tsx(64,19): error TS18046: 'readingsResponse' is of type 'unknown'.
src/pages/StationsPage.tsx(65,19): error TS18046: 'readingsResponse' is of type 'unknown'.
src/store/reportStore.ts(18,3): error TS6196: 'ListReportsResponse' is declared but never used.
src/store/reportStore.ts(173,49): error TS2339: Property 'estimated_seconds' does not exist on type 'ReportStatusResponse'.
